[33m[1mYCSB benchmark configuration:[39m[22m Args {
    num_clis: 1,
    num_ops: 10000,
    workload: 'a',
    client_just_args: [
        "p3::client",
        "127.0.0.1:3666,127.0.0.1:3667,127.0.0.1:3668",
        "ycsb",
    ],
}
[33m[1mBenchmarking [Load] phase...[39m[22m
  Launched 1 YCSB drivers, now waiting...
[33m[1mBenchmarking [Run] phase...[39m[22m
  Launched 1 YCSB drivers, now waiting...
[33m[1mBenchmarking results:[39m[22m  [36mYCSB-a[39m  [35m1 clients[39m
  [36m[Load][39m     563 ms
    Throughput:    1775.51 ops/sec
    Latency:    INSERT  ops   1000  avg    514.29  min    229  max   4902  p99   1679  us
  [36m[Run] [39m    3589 ms
    Throughput:    2786.12 ops/sec
    Latency:    READ    ops   4954  avg    210.62  min     86  max   1336  p99    587  us
                UPDATE  ops   5046  avg    492.33  min    205  max   3205  p99   1537  us
