[33m[1mYCSB benchmark configuration:[39m[22m Args {
    num_clis: 30,
    num_ops: 10000,
    workload: 'a',
    client_just_args: [
        "p3::client",
        "127.0.0.1:3666,127.0.0.1:3667,127.0.0.1:3668",
        "ycsb",
    ],
}
[33m[1mBenchmarking [Load] phase...[39m[22m
  Launched 30 YCSB drivers, now waiting...
[33m[1mBenchmarking [Run] phase...[39m[22m
  Launched 30 YCSB drivers, now waiting...
[33m[1mBenchmarking results:[39m[22m  [36mYCSB-a[39m  [35m30 clients[39m
  [36m[Load][39m    8521 ms
    Throughput:    3520.69 ops/sec
    Latency:    INSERT  ops  30000  avg   8335.60  min    616  max  40219  p99  24459  us
  [36m[Run] [39m   37599 ms
    Throughput:    7979.04 ops/sec
    Latency:    READ    ops 150566  avg   3424.09  min     83  max  42610  p99  10153  us
                UPDATE  ops 149434  avg   4049.91  min    592  max  34285  p99  10777  us
