[33m[1mYCSB benchmark configuration:[39m[22m Args {
    num_clis: 10,
    num_ops: 10000,
    workload: 'b',
    client_just_args: [
        "p3::client",
        "127.0.0.1:3666,127.0.0.1:3667,127.0.0.1:3668",
        "ycsb",
    ],
}
[33m[1mBenchmarking [Load] phase...[39m[22m
  Launched 10 YCSB drivers, now waiting...
[33m[1mBenchmarking [Run] phase...[39m[22m
  Launched 10 YCSB drivers, now waiting...
[33m[1mBenchmarking results:[39m[22m  [36mYCSB-b[39m  [35m10 clients[39m
  [36m[Load][39m    1224 ms
    Throughput:    8171.45 ops/sec
    Latency:    INSERT  ops  10000  avg   1156.71  min    269  max   5118  p99   2899  us
  [36m[Run] [39m    2241 ms
    Throughput:   44617.97 ops/sec
    Latency:    READ    ops  95024  avg    202.80  min     76  max   5921  p99    804  us
                UPDATE  ops   4976  avg    501.19  min    273  max   2722  p99   1301  us
