[33m[1mYCSB benchmark configuration:[39m[22m Args {
    num_clis: 10,
    num_ops: 10000,
    workload: 'c',
    client_just_args: [
        "p3::client",
        "127.0.0.1:3666,127.0.0.1:3667,127.0.0.1:3668",
        "ycsb",
    ],
}
[33m[1mBenchmarking [Load] phase...[39m[22m
  Launched 10 YCSB drivers, now waiting...
[33m[1mBenchmarking [Run] phase...[39m[22m
  Launched 10 YCSB drivers, now waiting...
[33m[1mBenchmarking results:[39m[22m  [36mYCSB-c[39m  [35m10 clients[39m
  [36m[Load][39m    2878 ms
    Throughput:    3474.76 ops/sec
    Latency:    INSERT  ops  10000  avg   2799.44  min    627  max  12396  p99   6803  us
  [36m[Run] [39m    5264 ms
    Throughput:   18995.65 ops/sec
    Latency:    READ    ops 100000  avg    518.59  min    126  max   6785  p99   1531  us
