[33m[1mYCSB benchmark configuration:[39m[22m Args {
    num_clis: 10,
    num_ops: 10000,
    workload: 'd',
    client_just_args: [
        "p3::client",
        "127.0.0.1:3666,127.0.0.1:3667,127.0.0.1:3668",
        "ycsb",
    ],
}
[33m[1mBenchmarking [Load] phase...[39m[22m
  Launched 10 YCSB drivers, now waiting...
[33m[1mBenchmarking [Run] phase...[39m[22m
  Launched 10 YCSB drivers, now waiting...
[33m[1mBenchmarking results:[39m[22m  [36mYCSB-d[39m  [35m10 clients[39m
  [36m[Load][39m    2457 ms
    Throughput:    4070.52 ops/sec
    Latency:    INSERT  ops  10000  avg   2407.14  min    538  max   9059  p99   5805  us
  [36m[Run] [39m    3806 ms
    Throughput:   26275.40 ops/sec
    Latency:    INSERT  ops   4977  avg   1045.18  min    597  max   7227  p99   2360  us
                READ    ops  95023  avg    337.92  min     86  max   5000  p99   1490  us
