[33m[1mYCSB benchmark configuration:[39m[22m Args {
    num_clis: 1,
    num_ops: 10000,
    workload: 'a',
    client_just_args: [
        "p3::client",
        "127.0.0.1:3666,127.0.0.1:3667,127.0.0.1:3668",
        "ycsb",
    ],
}
[33m[1mBenchmarking [Load] phase...[39m[22m
  Launched 1 YCSB drivers, now waiting...
[33m[1mBenchmarking [Run] phase...[39m[22m
  Launched 1 YCSB drivers, now waiting...
[33m[1mBenchmarking results:[39m[22m  [36mYCSB-a[39m  [35m1 clients[39m
  [36m[Load][39m    2398 ms
    Throughput:     417.05 ops/sec
    Latency:    INSERT  ops   1000  avg   2391.93  min    549  max 1512781  p99   1609  us
  [36m[Run] [39m    4558 ms
    Throughput:    2193.95 ops/sec
    Latency:    READ    ops   5050  avg    137.80  min     81  max   2368  p99    313  us
                UPDATE  ops   4950  avg    769.29  min    507  max   5378  p99   1467  us
