[33m[1mYCSB benchmark configuration:[39m[22m Args {
    num_clis: 10,
    num_ops: 10000,
    workload: 'e',
    client_just_args: [
        "p3::client",
        "127.0.0.1:3666,127.0.0.1:3667,127.0.0.1:3668",
        "ycsb",
    ],
}
[33m[1mBenchmarking [Load] phase...[39m[22m
  Launched 10 YCSB drivers, now waiting...
[33m[1mBenchmarking [Run] phase...[39m[22m
  Launched 10 YCSB drivers, now waiting...
[33m[1mBenchmarking results:[39m[22m  [36mYCSB-e[39m  [35m10 clients[39m
  [36m[Load][39m    1178 ms
    Throughput:    8491.44 ops/sec
    Latency:    INSERT  ops  10000  avg   1138.39  min    269  max   7182  p99   2799  us
  [36m[Run] [39m  111837 ms
    Throughput:     894.16 ops/sec
    Latency:    INSERT  ops   4977  avg   2750.19  min    518  max  15918  p99   6352  us
                SCAN    ops  95023  avg  11444.11  min    224  max  91655  p99  36824  us
