[33m[1mYCSB benchmark configuration:[39m[22m Args {
    num_clis: 10,
    num_ops: 10000,
    workload: 'f',
    client_just_args: [
        "p3::client",
        "127.0.0.1:3666,127.0.0.1:3667,127.0.0.1:3668",
        "ycsb",
    ],
}
[33m[1mBenchmarking [Load] phase...[39m[22m
  Launched 10 YCSB drivers, now waiting...
[33m[1mBenchmarking [Run] phase...[39m[22m
  Launched 10 YCSB drivers, now waiting...
[33m[1mBenchmarking results:[39m[22m  [36mYCSB-f[39m  [35m10 clients[39m
  [36m[Load][39m    2852 ms
    Throughput:    3506.59 ops/sec
    Latency:    INSERT  ops  10000  avg   2787.46  min    613  max   7960  p99   6669  us
  [36m[Run] [39m   14510 ms
    Throughput:   10356.37 ops/sec
    Latency:    READ    ops 100000  avg    764.93  min     91  max   5487  p99   2984  us
                UPDATE  ops  50275  avg   1330.23  min    561  max   5533  p99   3532  us
