[33m[1mYCSB benchmark configuration:[39m[22m Args {
    num_clis: 20,
    num_ops: 10000,
    workload: 'a',
    client_just_args: [
        "p3::client",
        "127.0.0.1:3666,127.0.0.1:3667,127.0.0.1:3668",
        "ycsb",
    ],
}
[33m[1mBenchmarking [Load] phase...[39m[22m
  Launched 20 YCSB drivers, now waiting...
[33m[1mBenchmarking [Run] phase...[39m[22m
  Launched 20 YCSB drivers, now waiting...
[33m[1mBenchmarking results:[39m[22m  [36mYCSB-a[39m  [35m20 clients[39m
  [36m[Load][39m    5514 ms
    Throughput:    3627.08 ops/sec
    Latency:    INSERT  ops  20000  avg   5403.24  min    596  max  24792  p99  13583  us
  [36m[Run] [39m   25256 ms
    Throughput:    7918.79 ops/sec
    Latency:    READ    ops  99747  avg   2203.39  min     95  max  22523  p99   6831  us
                UPDATE  ops 100253  avg   2817.23  min    575  max  20696  p99   7368  us
