[33m[1mYCSB benchmark configuration:[39m[22m Args {
    num_clis: 20,
    num_ops: 10000,
    workload: 'a',
    client_just_args: [
        "p3::client",
        "127.0.0.1:3666,127.0.0.1:3667,127.0.0.1:3668",
        "ycsb",
    ],
}
[33m[1mBenchmarking [Load] phase...[39m[22m
  Launched 20 YCSB drivers, now waiting...
[33m[1mBenchmarking [Run] phase...[39m[22m
  Launched 20 YCSB drivers, now waiting...
[33m[1mBenchmarking results:[39m[22m  [36mYCSB-a[39m  [35m20 clients[39m
  [36m[Load][39m    2140 ms
    Throughput:    9346.38 ops/sec
    Latency:    INSERT  ops  20000  avg   2071.40  min    262  max  17630  p99   5144  us
  [36m[Run] [39m   10371 ms
    Throughput:   19284.45 ops/sec
    Latency:    READ    ops 100194  avg    909.11  min     86  max   6816  p99   2790  us
                UPDATE  ops  99806  avg   1149.83  min    249  max   7652  p99   3039  us
