[33m[1mYCSB benchmark configuration:[39m[22m Args {
    num_clis: 30,
    num_ops: 10000,
    workload: 'a',
    client_just_args: [
        "p3::client",
        "127.0.0.1:3666,127.0.0.1:3667,127.0.0.1:3668",
        "ycsb",
    ],
}
[33m[1mBenchmarking [Load] phase...[39m[22m
  Launched 30 YCSB drivers, now waiting...
[33m[1mBenchmarking [Run] phase...[39m[22m
  Launched 30 YCSB drivers, now waiting...
[33m[1mBenchmarking results:[39m[22m  [36mYCSB-a[39m  [35m30 clients[39m
  [36m[Load][39m    3114 ms
    Throughput:    9634.73 ops/sec
    Latency:    INSERT  ops  30000  avg   3041.59  min    280  max  23524  p99   7989  us
  [36m[Run] [39m   14839 ms
    Throughput:   20216.86 ops/sec
    Latency:    READ    ops 150050  avg   1349.97  min     84  max  17122  p99   3912  us
                UPDATE  ops 149950  avg   1594.81  min    240  max  15846  p99   4177  us
