[33m[1mYCSB benchmark configuration:[39m[22m Args {
    num_clis: 10,
    num_ops: 10000,
    workload: 'f',
    client_just_args: [
        "p3::client",
        "127.0.0.1:3666,127.0.0.1:3667,127.0.0.1:3668",
        "ycsb",
    ],
}
[33m[1mBenchmarking [Load] phase...[39m[22m
  Launched 10 YCSB drivers, now waiting...
[33m[1mBenchmarking [Run] phase...[39m[22m
  Launched 10 YCSB drivers, now waiting...
[33m[1mBenchmarking results:[39m[22m  [36mYCSB-f[39m  [35m10 clients[39m
  [36m[Load][39m    2460 ms
    Throughput:    4064.74 ops/sec
    Latency:    INSERT  ops  10000  avg   2406.87  min    570  max   9909  p99   5805  us
  [36m[Run] [39m   13166 ms
    Throughput:   11389.09 ops/sec
    Latency:    READ    ops 100000  avg    695.83  min     85  max   5551  p99   2753  us
                UPDATE  ops  49949  avg   1212.43  min    518  max   5677  p99   3268  us
