[33m[1mYCSB benchmark configuration:[39m[22m Args {
    num_clis: 10,
    num_ops: 10000,
    workload: 'd',
    client_just_args: [
        "p3::client",
        "127.0.0.1:3666,127.0.0.1:3667,127.0.0.1:3668",
        "ycsb",
    ],
}
[33m[1mBenchmarking [Load] phase...[39m[22m
  Launched 10 YCSB drivers, now waiting...
[33m[1mBenchmarking [Run] phase...[39m[22m
  Launched 10 YCSB drivers, now waiting...
[33m[1mBenchmarking results:[39m[22m  [36mYCSB-d[39m  [35m10 clients[39m
  [36m[Load][39m    2862 ms
    Throughput:    3493.87 ops/sec
    Latency:    INSERT  ops  10000  avg   2781.61  min    611  max  10676  p99   6657  us
  [36m[Run] [39m    3984 ms
    Throughput:   25097.64 ops/sec
    Latency:    INSERT  ops   5161  avg   1113.71  min    623  max   5774  p99   2587  us
                READ    ops  94839  avg    351.22  min     88  max   5762  p99   1621  us
