[33m[1mYCSB benchmark configuration:[39m[22m Args {
    num_clis: 10,
    num_ops: 10000,
    workload: 'a',
    client_just_args: [
        "p3::client",
        "127.0.0.1:3666,127.0.0.1:3667,127.0.0.1:3668",
        "ycsb",
    ],
}
[33m[1mBenchmarking [Load] phase...[39m[22m
  Launched 10 YCSB drivers, now waiting...
[33m[1mBenchmarking [Run] phase...[39m[22m
  Launched 10 YCSB drivers, now waiting...
[33m[1mBenchmarking results:[39m[22m  [36mYCSB-a[39m  [35m10 clients[39m
  [36m[Load][39m    2520 ms
    Throughput:    3967.76 ops/sec
    Latency:    INSERT  ops  10000  avg   2453.00  min    538  max   7958  p99   5917  us
  [36m[Run] [39m   12351 ms
    Throughput:    8096.77 ops/sec
    Latency:    READ    ops  50050  avg    952.27  min     89  max   6714  p99   3277  us
                UPDATE  ops  49950  avg   1494.49  min    493  max   7152  p99   3818  us
