[33m[1mYCSB benchmark configuration:[39m[22m Args {
    num_clis: 10,
    num_ops: 10000,
    workload: 'd',
    client_just_args: [
        "p3::client",
        "127.0.0.1:3666,127.0.0.1:3667,127.0.0.1:3668",
        "ycsb",
    ],
}
[33m[1mBenchmarking [Load] phase...[39m[22m
  Launched 10 YCSB drivers, now waiting...
[33m[1mBenchmarking [Run] phase...[39m[22m
  Launched 10 YCSB drivers, now waiting...
[33m[1mBenchmarking results:[39m[22m  [36mYCSB-d[39m  [35m10 clients[39m
  [36m[Load][39m    1172 ms
    Throughput:    8533.52 ops/sec
    Latency:    INSERT  ops  10000  avg   1117.24  min    268  max   5379  p99   2717  us
  [36m[Run] [39m    2927 ms
    Throughput:   34169.60 ops/sec
    Latency:    INSERT  ops   5038  avg    628.11  min    321  max   3258  p99   1490  us
                READ    ops  94962  avg    266.70  min     83  max   5083  p99    952  us
