[33m[1mYCSB benchmark configuration:[39m[22m Args {
    num_clis: 10,
    num_ops: 10000,
    workload: 'f',
    client_just_args: [
        "p3::client",
        "127.0.0.1:3666,127.0.0.1:3667,127.0.0.1:3668",
        "ycsb",
    ],
}
[33m[1mBenchmarking [Load] phase...[39m[22m
  Launched 10 YCSB drivers, now waiting...
[33m[1mBenchmarking [Run] phase...[39m[22m
  Launched 10 YCSB drivers, now waiting...
[33m[1mBenchmarking results:[39m[22m  [36mYCSB-f[39m  [35m10 clients[39m
  [36m[Load][39m    1185 ms
    Throughput:    8436.81 ops/sec
    Latency:    INSERT  ops  10000  avg   1143.05  min    271  max   5704  p99   2841  us
  [36m[Run] [39m    6861 ms
    Throughput:   21888.27 ops/sec
    Latency:    READ    ops 100000  avg    366.43  min     79  max   3980  p99   1371  us
                UPDATE  ops  50183  avg    615.81  min    247  max   3407  p99   1645  us
