[33m[1mYCSB benchmark configuration:[39m[22m Args {
    num_clis: 10,
    num_ops: 10000,
    workload: 'e',
    client_just_args: [
        "p3::client",
        "127.0.0.1:3666,127.0.0.1:3667,127.0.0.1:3668",
        "ycsb",
    ],
}
[33m[1mBenchmarking [Load] phase...[39m[22m
  Launched 10 YCSB drivers, now waiting...
[33m[1mBenchmarking [Run] phase...[39m[22m
  Launched 10 YCSB drivers, now waiting...
[33m[1mBenchmarking results:[39m[22m  [36mYCSB-e[39m  [35m10 clients[39m
  [36m[Load][39m    2908 ms
    Throughput:    3438.81 ops/sec
    Latency:    INSERT  ops  10000  avg   2826.19  min    642  max   9483  p99   6803  us
  [36m[Run] [39m  107801 ms
    Throughput:     927.63 ops/sec
    Latency:    INSERT  ops   5012  avg   3651.27  min   1026  max  12230  p99   7671  us
                SCAN    ops  94988  avg  11020.07  min    188  max 109508  p99  35514  us
