[33m[1mYCSB benchmark configuration:[39m[22m Args {
    num_clis: 10,
    num_ops: 10000,
    workload: 'b',
    client_just_args: [
        "p3::client",
        "127.0.0.1:3666,127.0.0.1:3667,127.0.0.1:3668",
        "ycsb",
    ],
}
[33m[1mBenchmarking [Load] phase...[39m[22m
  Launched 10 YCSB drivers, now waiting...
[33m[1mBenchmarking [Run] phase...[39m[22m
  Launched 10 YCSB drivers, now waiting...
[33m[1mBenchmarking results:[39m[22m  [36mYCSB-b[39m  [35m10 clients[39m
  [36m[Load][39m    2487 ms
    Throughput:    4021.62 ops/sec
    Latency:    INSERT  ops  10000  avg   2431.05  min    580  max   7845  p99   5915  us
  [36m[Run] [39m    3205 ms
    Throughput:   31196.56 ops/sec
    Latency:    READ    ops  95025  avg    280.86  min     77  max   3567  p99   1330  us
                UPDATE  ops   4975  avg    903.01  min    563  max   3721  p99   2098  us
