[33m[1mYCSB benchmark configuration:[39m[22m Args {
    num_clis: 10,
    num_ops: 10000,
    workload: 'a',
    client_just_args: [
        "p3::client",
        "127.0.0.1:3666,127.0.0.1:3667,127.0.0.1:3668",
        "ycsb",
    ],
}
[33m[1mBenchmarking [Load] phase...[39m[22m
  Launched 10 YCSB drivers, now waiting...
[33m[1mBenchmarking [Run] phase...[39m[22m
  Launched 10 YCSB drivers, now waiting...
[33m[1mBenchmarking results:[39m[22m  [36mYCSB-a[39m  [35m10 clients[39m
  [36m[Load][39m    2843 ms
    Throughput:    3517.13 ops/sec
    Latency:    INSERT  ops  10000  avg   2796.10  min    600  max   8807  p99   6662  us
  [36m[Run] [39m   13692 ms
    Throughput:    7303.33 ops/sec
    Latency:    READ    ops  49933  avg   1052.03  min     94  max   9539  p99   3634  us
                UPDATE  ops  50067  avg   1660.13  min    542  max  10819  p99   4316  us
