[33m[1mYCSB benchmark configuration:[39m[22m Args {
    num_clis: 10,
    num_ops: 10000,
    workload: 'a',
    client_just_args: [
        "p3::client",
        "127.0.0.1:3666,127.0.0.1:3667,127.0.0.1:3668",
        "ycsb",
    ],
}
[33m[1mBenchmarking [Load] phase...[39m[22m
  Launched 10 YCSB drivers, now waiting...
[33m[1mBenchmarking [Run] phase...[39m[22m
  Launched 10 YCSB drivers, now waiting...
[33m[1mBenchmarking results:[39m[22m  [36mYCSB-a[39m  [35m10 clients[39m
  [36m[Load][39m    1190 ms
    Throughput:    8406.40 ops/sec
    Latency:    INSERT  ops  10000  avg   1136.00  min    267  max   4931  p99   2775  us
  [36m[Run] [39m    5836 ms
    Throughput:   17133.95 ops/sec
    Latency:    READ    ops  50079  avg    458.08  min     74  max   3340  p99   1621  us
                UPDATE  ops  49921  avg    694.54  min    239  max   3705  p99   1900  us
