[33m[1mYCSB benchmark configuration:[39m[22m Args {
    num_clis: 20,
    num_ops: 10000,
    workload: 'a',
    client_just_args: [
        "p3::client",
        "127.0.0.1:3666,127.0.0.1:3667,127.0.0.1:3668",
        "ycsb",
    ],
}
[33m[1mBenchmarking [Load] phase...[39m[22m
  Launched 20 YCSB drivers, now waiting...
[33m[1mBenchmarking [Run] phase...[39m[22m
  Launched 20 YCSB drivers, now waiting...
[33m[1mBenchmarking results:[39m[22m  [36mYCSB-a[39m  [35m20 clients[39m
  [36m[Load][39m    3917 ms
    Throughput:    5105.61 ops/sec
    Latency:    INSERT  ops  20000  avg   3864.20  min    260  max  18026  p99  11250  us
  [36m[Run] [39m    8818 ms
    Throughput:   22680.56 ops/sec
    Latency:    READ    ops  99903  avg    770.47  min     79  max  13386  p99   4535  us
                UPDATE  ops 100097  avg    976.28  min    229  max  13122  p99   5060  us
