[33m[1mYCSB benchmark configuration:[39m[22m Args {
    num_clis: 10,
    num_ops: 10000,
    workload: 'd',
    client_just_args: [
        "p3::client",
        "127.0.0.1:3666,127.0.0.1:3667,127.0.0.1:3668",
        "ycsb",
    ],
}
[33m[1mBenchmarking [Load] phase...[39m[22m
  Launched 10 YCSB drivers, now waiting...
[33m[1mBenchmarking [Run] phase...[39m[22m
  Launched 10 YCSB drivers, now waiting...
[33m[1mBenchmarking results:[39m[22m  [36mYCSB-d[39m  [35m10 clients[39m
  [36m[Load][39m    4337 ms
    Throughput:    2305.99 ops/sec
    Latency:    INSERT  ops  10000  avg   4255.64  min    597  max  16881  p99  10664  us
  [36m[Run] [39m    5050 ms
    Throughput:   19803.41 ops/sec
    Latency:    INSERT  ops   4969  avg   1553.23  min    636  max   5214  p99   3518  us
                READ    ops  95031  avg    441.85  min     84  max   5380  p99   2326  us
