[33m[1mYCSB benchmark configuration:[39m[22m Args {
    num_clis: 10,
    num_ops: 10000,
    workload: 'a',
    client_just_args: [
        "p3::client",
        "127.0.0.1:3666,127.0.0.1:3667,127.0.0.1:3668",
        "ycsb",
    ],
}
[33m[1mBenchmarking [Load] phase...[39m[22m
  Launched 10 YCSB drivers, now waiting...
[33m[1mBenchmarking [Run] phase...[39m[22m
  Launched 10 YCSB drivers, now waiting...
[33m[1mBenchmarking results:[39m[22m  [36mYCSB-a[39m  [35m10 clients[39m
  [36m[Load][39m    2069 ms
    Throughput:    4834.14 ops/sec
    Latency:    INSERT  ops  10000  avg   1992.50  min    293  max   7287  p99   5173  us
  [36m[Run] [39m    8342 ms
    Throughput:   11987.85 ops/sec
    Latency:    READ    ops  49905  avg    650.61  min     76  max   6639  p99   2736  us
                UPDATE  ops  50095  avg    999.94  min    244  max   7081  p99   3204  us
