[33m[1mYCSB benchmark configuration:[39m[22m Args {
    num_clis: 1,
    num_ops: 10000,
    workload: 'a',
    client_just_args: [
        "p3::client",
        "127.0.0.1:3666,127.0.0.1:3667,127.0.0.1:3668",
        "ycsb",
    ],
}
[33m[1mBenchmarking [Load] phase...[39m[22m
  Launched 1 YCSB drivers, now waiting...
[33m[1mBenchmarking [Run] phase...[39m[22m
  Launched 1 YCSB drivers, now waiting...
[33m[1mBenchmarking results:[39m[22m  [36mYCSB-a[39m  [35m1 clients[39m
  [36m[Load][39m     906 ms
    Throughput:    1104.14 ops/sec
    Latency:    INSERT  ops   1000  avg    856.22  min    541  max   5670  p99   2399  us
  [36m[Run] [39m    4546 ms
    Throughput:    2199.60 ops/sec
    Latency:    READ    ops   4942  avg    201.88  min     77  max   2616  p99    570  us
                UPDATE  ops   5058  avg    690.91  min    443  max   3576  p99   1668  us
