[33m[1mYCSB benchmark configuration:[39m[22m Args {
    num_clis: 10,
    num_ops: 10000,
    workload: 'e',
    client_just_args: [
        "p3::client",
        "127.0.0.1:3666,127.0.0.1:3667,127.0.0.1:3668",
        "ycsb",
    ],
}
[33m[1mBenchmarking [Load] phase...[39m[22m
  Launched 10 YCSB drivers, now waiting...
[33m[1mBenchmarking [Run] phase...[39m[22m
  Launched 10 YCSB drivers, now waiting...
[33m[1mBenchmarking results:[39m[22m  [36mYCSB-e[39m  [35m10 clients[39m
  [36m[Load][39m    5275 ms
    Throughput:    1895.63 ops/sec
    Latency:    INSERT  ops  10000  avg   5173.20  min    686  max  27215  p99  12659  us
  [36m[Run] [39m  105988 ms
    Throughput:     943.50 ops/sec
    Latency:    INSERT  ops   5057  avg   3889.35  min   1010  max  11389  p99   7887  us
                SCAN    ops  94943  avg  10850.14  min    160  max  95770  p99  34853  us
