[33m[1mYCSB benchmark configuration:[39m[22m Args {
    num_clis: 10,
    num_ops: 10000,
    workload: 'f',
    client_just_args: [
        "p3::client",
        "127.0.0.1:3666,127.0.0.1:3667,127.0.0.1:3668",
        "ycsb",
    ],
}
[33m[1mBenchmarking [Load] phase...[39m[22m
  Launched 10 YCSB drivers, now waiting...
[33m[1mBenchmarking [Run] phase...[39m[22m
  Launched 10 YCSB drivers, now waiting...
[33m[1mBenchmarking results:[39m[22m  [36mYCSB-f[39m  [35m10 clients[39m
  [36m[Load][39m    2234 ms
    Throughput:    4475.61 ops/sec
    Latency:    INSERT  ops  10000  avg   2185.56  min    307  max   8220  p99   5647  us
  [36m[Run] [39m    9525 ms
    Throughput:   15788.12 ops/sec
    Latency:    READ    ops 100000  avg    506.08  min     76  max   4245  p99   2356  us
                UPDATE  ops  50387  avg    860.55  min    243  max   5013  p99   2802  us
