[33m[1mYCSB benchmark configuration:[39m[22m Args {
    num_clis: 10,
    num_ops: 10000,
    workload: 'a',
    client_just_args: [
        "p3::client",
        "127.0.0.1:3666,127.0.0.1:3667,127.0.0.1:3668",
        "ycsb",
    ],
}
[33m[1mBenchmarking [Load] phase...[39m[22m
  Launched 10 YCSB drivers, now waiting...
[33m[1mBenchmarking [Run] phase...[39m[22m
  Launched 10 YCSB drivers, now waiting...
[33m[1mBenchmarking results:[39m[22m  [36mYCSB-a[39m  [35m10 clients[39m
  [36m[Load][39m    4308 ms
    Throughput:    2321.24 ops/sec
    Latency:    INSERT  ops  10000  avg   4231.82  min    577  max  16240  p99  10454  us
  [36m[Run] [39m   17628 ms
    Throughput:    5672.66 ops/sec
    Latency:    READ    ops  49945  avg   1352.28  min     81  max  10167  p99   5846  us
                UPDATE  ops  50055  avg   2149.84  min    523  max  10767  p99   6796  us
