[33m[1mYCSB benchmark configuration:[39m[22m Args {
    num_clis: 30,
    num_ops: 10000,
    workload: 'a',
    client_just_args: [
        "p3::client",
        "127.0.0.1:3666,127.0.0.1:3667,127.0.0.1:3668",
        "ycsb",
    ],
}
[33m[1mBenchmarking [Load] phase...[39m[22m
  Launched 30 YCSB drivers, now waiting...
[33m[1mBenchmarking [Run] phase...[39m[22m
  Launched 30 YCSB drivers, now waiting...
[33m[1mBenchmarking results:[39m[22m  [36mYCSB-a[39m  [35m30 clients[39m
  [36m[Load][39m    4954 ms
    Throughput:    6055.51 ops/sec
    Latency:    INSERT  ops  30000  avg   4907.98  min    249  max  28860  p99  17273  us
  [36m[Run] [39m   11604 ms
    Throughput:   25853.82 ops/sec
    Latency:    READ    ops 150030  avg   1052.71  min     74  max  13516  p99   2869  us
                UPDATE  ops 149970  avg   1246.10  min    223  max  13536  p99   3079  us
