[33m[1mYCSB benchmark configuration:[39m[22m Args {
    num_clis: 10,
    num_ops: 10000,
    workload: 'f',
    client_just_args: [
        "p3::client",
        "127.0.0.1:3666,127.0.0.1:3667,127.0.0.1:3668",
        "ycsb",
    ],
}
[33m[1mBenchmarking [Load] phase...[39m[22m
  Launched 10 YCSB drivers, now waiting...
[33m[1mBenchmarking [Run] phase...[39m[22m
  Launched 10 YCSB drivers, now waiting...
[33m[1mBenchmarking results:[39m[22m  [36mYCSB-f[39m  [35m10 clients[39m
  [36m[Load][39m    4902 ms
    Throughput:    2039.78 ops/sec
    Latency:    INSERT  ops  10000  avg   4806.69  min    662  max  29037  p99  11530  us
  [36m[Run] [39m   20115 ms
    Throughput:    7454.31 ops/sec
    Latency:    READ    ops 100000  avg   1069.77  min     87  max  13656  p99   5247  us
                UPDATE  ops  49946  avg   1863.63  min    560  max  15488  p99   6084  us
