[33m[1mYCSB benchmark configuration:[39m[22m Args {
    num_clis: 10,
    num_ops: 10000,
    workload: 'a',
    client_just_args: [
        "p3::client",
        "127.0.0.1:3666,127.0.0.1:3667,127.0.0.1:3668",
        "ycsb",
    ],
}
[33m[1mBenchmarking [Load] phase...[39m[22m
  Launched 10 YCSB drivers, now waiting...
[33m[1mBenchmarking [Run] phase...[39m[22m
  Launched 10 YCSB drivers, now waiting...
[33m[1mBenchmarking results:[39m[22m  [36mYCSB-a[39m  [35m10 clients[39m
  [36m[Load][39m    4898 ms
    Throughput:    2041.65 ops/sec
    Latency:    INSERT  ops  10000  avg   4788.01  min    644  max  27651  p99  11652  us
  [36m[Run] [39m   19476 ms
    Throughput:    5134.60 ops/sec
    Latency:    READ    ops  50046  avg   1488.08  min     87  max  18474  p99   6421  us
                UPDATE  ops  49954  avg   2380.87  min    570  max  18902  p99   7567  us
