[33m[1mYCSB benchmark configuration:[39m[22m Args {
    num_clis: 10,
    num_ops: 10000,
    workload: 'f',
    client_just_args: [
        "p3::client",
        "127.0.0.1:3666,127.0.0.1:3667,127.0.0.1:3668",
        "ycsb",
    ],
}
[33m[1mBenchmarking [Load] phase...[39m[22m
  Launched 10 YCSB drivers, now waiting...
[33m[1mBenchmarking [Run] phase...[39m[22m
  Launched 10 YCSB drivers, now waiting...
[33m[1mBenchmarking results:[39m[22m  [36mYCSB-f[39m  [35m10 clients[39m
  [36m[Load][39m    4323 ms
    Throughput:    2313.39 ops/sec
    Latency:    INSERT  ops  10000  avg   4224.04  min    603  max  17602  p99  10601  us
  [36m[Run] [39m   18433 ms
    Throughput:    8137.23 ops/sec
    Latency:    READ    ops 100000  avg    974.64  min     84  max  12276  p99   4884  us
                UPDATE  ops  49996  avg   1699.38  min    512  max  12274  p99   5479  us
