[33m[1mYCSB benchmark configuration:[39m[22m Args {
    num_clis: 10,
    num_ops: 10000,
    workload: 'c',
    client_just_args: [
        "p3::client",
        "127.0.0.1:3666,127.0.0.1:3667,127.0.0.1:3668",
        "ycsb",
    ],
}
[33m[1mBenchmarking [Load] phase...[39m[22m
  Launched 10 YCSB drivers, now waiting...
[33m[1mBenchmarking [Run] phase...[39m[22m
  Launched 10 YCSB drivers, now waiting...
[33m[1mBenchmarking results:[39m[22m  [36mYCSB-c[39m  [35m10 clients[39m
  [36m[Load][39m    4883 ms
    Throughput:    2048.08 ops/sec
    Latency:    INSERT  ops  10000  avg   4780.67  min    668  max  31173  p99  11564  us
  [36m[Run] [39m    5664 ms
    Throughput:   17656.39 ops/sec
    Latency:    READ    ops 100000  avg    557.47  min    140  max   5083  p99   1612  us
