[33m[1mYCSB benchmark configuration:[39m[22m Args {
    num_clis: 10,
    num_ops: 10000,
    workload: 'd',
    client_just_args: [
        "p3::client",
        "127.0.0.1:3666,127.0.0.1:3667,127.0.0.1:3668",
        "ycsb",
    ],
}
[33m[1mBenchmarking [Load] phase...[39m[22m
  Launched 10 YCSB drivers, now waiting...
[33m[1mBenchmarking [Run] phase...[39m[22m
  Launched 10 YCSB drivers, now waiting...
[33m[1mBenchmarking results:[39m[22m  [36mYCSB-d[39m  [35m10 clients[39m
  [36m[Load][39m    4933 ms
    Throughput:    2027.29 ops/sec
    Latency:    INSERT  ops  10000  avg   4852.52  min    650  max  30458  p99  11769  us
  [36m[Run] [39m    5254 ms
    Throughput:   19033.74 ops/sec
    Latency:    INSERT  ops   4936  avg   1652.71  min    630  max   8932  p99   4020  us
                READ    ops  95064  avg    457.50  min     86  max   8704  p99   2483  us
