[33m[1mYCSB benchmark configuration:[39m[22m Args {
    num_clis: 1,
    num_ops: 10000,
    workload: 'a',
    client_just_args: [
        "p3::client",
        "127.0.0.1:3666,127.0.0.1:3667,127.0.0.1:3668",
        "ycsb",
    ],
}
[33m[1mBenchmarking [Load] phase...[39m[22m
  Launched 1 YCSB drivers, now waiting...
[33m[1mBenchmarking [Run] phase...[39m[22m
  Launched 1 YCSB drivers, now waiting...
[33m[1mBenchmarking results:[39m[22m  [36mYCSB-a[39m  [35m1 clients[39m
  [36m[Load][39m    2356 ms
    Throughput:     424.37 ops/sec
    Latency:    INSERT  ops   1000  avg   2350.93  min   1099  max 1012276  p99   2227  us
  [36m[Run] [39m    6885 ms
    Throughput:    1452.45 ops/sec
    Latency:    READ    ops   5031  avg    138.14  min     79  max   3111  p99    368  us
                UPDATE  ops   4969  avg   1235.77  min   1003  max   7826  p99   1875  us
