[33m[1mYCSB benchmark configuration:[39m[22m Args {
    num_clis: 30,
    num_ops: 10000,
    workload: 'a',
    client_just_args: [
        "p3::client",
        "127.0.0.1:3666,127.0.0.1:3667,127.0.0.1:3668",
        "ycsb",
    ],
}
[33m[1mBenchmarking [Load] phase...[39m[22m
  Launched 30 YCSB drivers, now waiting...
[33m[1mBenchmarking [Run] phase...[39m[22m
  Launched 30 YCSB drivers, now waiting...
[33m[1mBenchmarking results:[39m[22m  [36mYCSB-a[39m  [35m30 clients[39m
  [36m[Load][39m   12328 ms
    Throughput:    2433.54 ops/sec
    Latency:    INSERT  ops  30000  avg  12195.11  min    595  max  83204  p99  38905  us
  [36m[Run] [39m   32441 ms
    Throughput:    9247.58 ops/sec
    Latency:    READ    ops 149692  avg   2940.58  min     83  max  57341  p99   9449  us
                UPDATE  ops 150308  avg   3505.48  min    505  max  57863  p99  10224  us
