[33m[1mYCSB benchmark configuration:[39m[22m Args {
    num_clis: 10,
    num_ops: 10000,
    workload: 'b',
    client_just_args: [
        "p3::client",
        "127.0.0.1:3666,127.0.0.1:3667,127.0.0.1:3668",
        "ycsb",
    ],
}
[33m[1mBenchmarking [Load] phase...[39m[22m
  Launched 10 YCSB drivers, now waiting...
[33m[1mBenchmarking [Run] phase...[39m[22m
  Launched 10 YCSB drivers, now waiting...
[33m[1mBenchmarking results:[39m[22m  [36mYCSB-b[39m  [35m10 clients[39m
  [36m[Load][39m    2072 ms
    Throughput:    4826.00 ops/sec
    Latency:    INSERT  ops  10000  avg   1997.96  min    309  max   7820  p99   5312  us
  [36m[Run] [39m    2793 ms
    Throughput:   35798.44 ops/sec
    Latency:    READ    ops  95024  avg    249.01  min     78  max   5196  p99   1105  us
                UPDATE  ops   4976  avg    722.70  min    286  max   3882  p99   1628  us
