[33m[1mYCSB benchmark configuration:[39m[22m Args {
    num_clis: 20,
    num_ops: 10000,
    workload: 'a',
    client_just_args: [
        "p3::client",
        "127.0.0.1:3666,127.0.0.1:3667,127.0.0.1:3668",
        "ycsb",
    ],
}
[33m[1mBenchmarking [Load] phase...[39m[22m
  Launched 20 YCSB drivers, now waiting...
[33m[1mBenchmarking [Run] phase...[39m[22m
  Launched 20 YCSB drivers, now waiting...
[33m[1mBenchmarking results:[39m[22m  [36mYCSB-a[39m  [35m20 clients[39m
  [36m[Load][39m    9476 ms
    Throughput:    2110.69 ops/sec
    Latency:    INSERT  ops  20000  avg   9407.79  min    589  max  43204  p99  24919  us
  [36m[Run] [39m   23502 ms
    Throughput:    8509.84 ops/sec
    Latency:    READ    ops  99950  avg   2032.62  min     82  max 133229  p99  10870  us
                UPDATE  ops 100050  avg   2617.54  min    506  max 133105  p99  12120  us
