[33m[1mYCSB benchmark configuration:[39m[22m Args {
    num_clis: 10,
    num_ops: 10000,
    workload: 'b',
    client_just_args: [
        "p3::client",
        "127.0.0.1:3666,127.0.0.1:3667,127.0.0.1:3668",
        "ycsb",
    ],
}
[33m[1mBenchmarking [Load] phase...[39m[22m
  Launched 10 YCSB drivers, now waiting...
[33m[1mBenchmarking [Run] phase...[39m[22m
  Launched 10 YCSB drivers, now waiting...
[33m[1mBenchmarking results:[39m[22m  [36mYCSB-b[39m  [35m10 clients[39m
  [36m[Load][39m    4890 ms
    Throughput:    2044.91 ops/sec
    Latency:    INSERT  ops  10000  avg   4772.56  min    637  max  29874  p99  11496  us
  [36m[Run] [39m    4528 ms
    Throughput:   22086.65 ops/sec
    Latency:    READ    ops  95100  avg    393.55  min     73  max   4942  p99   2303  us
                UPDATE  ops   4900  avg   1442.59  min    627  max   4913  p99   3358  us
