[33m[1mYCSB benchmark configuration:[39m[22m Args {
    num_clis: 1,
    num_ops: 10000,
    workload: 'a',
    client_just_args: [
        "p3::client",
        "127.0.0.1:3666,127.0.0.1:3667,127.0.0.1:3668",
        "ycsb",
    ],
}
[33m[1mBenchmarking [Load] phase...[39m[22m
  Launched 1 YCSB drivers, now waiting...
[33m[1mBenchmarking [Run] phase...[39m[22m
  Launched 1 YCSB drivers, now waiting...
[33m[1mBenchmarking results:[39m[22m  [36mYCSB-a[39m  [35m1 clients[39m
  [36m[Load][39m   17439 ms
    Throughput:      57.34 ops/sec
    Latency:    INSERT  ops   1000  avg  17426.28  min  15829  max  73887  p99  23133  us
  [36m[Run] [39m  115955 ms
    Throughput:      86.24 ops/sec
    Latency:    READ    ops   5058  avg    371.88  min    100  max  86429  p99   2222  us
                UPDATE  ops   4942  avg  23071.88  min  16760  max 929667  p99  64438  us
