[33m[1mYCSB benchmark configuration:[39m[22m Args {
    num_clis: 20,
    num_ops: 10000,
    workload: 'a',
    client_just_args: [
        "p3::client",
        "127.0.0.1:3666,127.0.0.1:3667,127.0.0.1:3668",
        "ycsb",
    ],
}
[33m[1mBenchmarking [Load] phase...[39m[22m
  Launched 20 YCSB drivers, now waiting...
[33m[1mBenchmarking [Run] phase...[39m[22m
  Launched 20 YCSB drivers, now waiting...
[33m[1mBenchmarking results:[39m[22m  [36mYCSB-a[39m  [35m20 clients[39m
  [36m[Load][39m  310615 ms
    Throughput:      64.39 ops/sec
    Latency:    INSERT  ops  20000  avg 304815.69  min  16829  max 908372  p99 813144  us
  [36m[Run] [39m  3531595 ms
    Throughput:      56.63 ops/sec
    Latency:    READ    ops  99772  avg 307406.95  min     63  max 3061707  p99 1398711  us
                UPDATE  ops 100228  avg 391399.95  min  28715  max 3206645  p99 1534862  us
