[33m[1mYCSB benchmark configuration:[39m[22m Args {
    num_clis: 1,
    num_ops: 10000,
    workload: 'a',
    client_just_args: [
        "p3::client",
        "127.0.0.1:3666,127.0.0.1:3667,127.0.0.1:3668",
        "ycsb",
    ],
}
[33m[1mBenchmarking [Load] phase...[39m[22m
  Launched 1 YCSB drivers, now waiting...
[33m[1mBenchmarking [Run] phase...[39m[22m
  Launched 1 YCSB drivers, now waiting...
[33m[1mBenchmarking results:[39m[22m  [36mYCSB-a[39m  [35m1 clients[39m
  [36m[Load][39m   53354 ms
    Throughput:      18.74 ops/sec
    Latency:    INSERT  ops   1000  avg  53337.33  min  31912  max 541612  p99  81256  us
  [36m[Run] [39m  291468 ms
    Throughput:      34.31 ops/sec
    Latency:    READ    ops   5072  avg    228.59  min     99  max  10367  p99    538  us
                UPDATE  ops   4928  avg  58900.28  min  36086  max 160039  p99  85954  us
