1770487511.767882 client started (85071): version 3.4, socket /tmp/tmux-1000/default, protocol 8
1770487511.767940 on Linux 6.6.87.2-microsoft-standard-WSL2 #1 SMP PREEMPT_DYNAMIC Thu Jun  5 18:30:46 UTC 2025
1770487511.767946 using libevent 2.1.12-stable poll
1770487511.767950 using ncurses 6.4 20240113
1770487511.767968 flags are 0x18010000
1770487511.768621 socket is /tmp/tmux-1000/default
1770487511.768649 trying connect
1770487511.768679 connect failed: No such file or directory
1770487511.768691 lock file is /tmp/tmux-1000/default.lock
1770487511.768753 flock succeeded
1770487511.768757 got lock (6)
1770487511.768764 trying connect
1770487511.768772 connect failed: No such file or directory
1770487511.769235 add peer 0x5e6f8ab77d60: 7 ((nil))
1770487511.769980 sending message 100 to peer 0x5e6f8ab77d60 (4 bytes)
1770487511.770001 sending message 111 to peer 0x5e6f8ab77d60 (8 bytes)
1770487511.770006 sending message 101 to peer 0x5e6f8ab77d60 (15 bytes)
1770487511.770009 sending message 109 to peer 0x5e6f8ab77d60 (4 bytes)
1770487511.770012 sending message 102 to peer 0x5e6f8ab77d60 (11 bytes)
1770487511.770016 sending message 108 to peer 0x5e6f8ab77d60 (40 bytes)
1770487511.770019 sending message 112 to peer 0x5e6f8ab77d60 (58 bytes)
1770487511.770023 sending message 112 to peer 0x5e6f8ab77d60 (5 bytes)
1770487511.770026 sending message 112 to peer 0x5e6f8ab77d60 (5 bytes)
1770487511.770029 sending message 112 to peer 0x5e6f8ab77d60 (6 bytes)
1770487511.770032 sending message 112 to peer 0x5e6f8ab77d60 (6 bytes)
1770487511.770035 sending message 112 to peer 0x5e6f8ab77d60 (11 bytes)
1770487511.770038 sending message 112 to peer 0x5e6f8ab77d60 (10 bytes)
1770487511.770042 sending message 112 to peer 0x5e6f8ab77d60 (13 bytes)
1770487511.770045 sending message 112 to peer 0x5e6f8ab77d60 (14 bytes)
1770487511.770048 sending message 112 to peer 0x5e6f8ab77d60 (19 bytes)
1770487511.770050 sending message 112 to peer 0x5e6f8ab77d60 (11 bytes)
1770487511.770053 sending message 112 to peer 0x5e6f8ab77d60 (10 bytes)
1770487511.770056 sending message 112 to peer 0x5e6f8ab77d60 (15 bytes)
1770487511.770059 sending message 112 to peer 0x5e6f8ab77d60 (21 bytes)
1770487511.770065 sending message 112 to peer 0x5e6f8ab77d60 (13 bytes)
1770487511.770069 sending message 112 to peer 0x5e6f8ab77d60 (7 bytes)
1770487511.770072 sending message 112 to peer 0x5e6f8ab77d60 (13 bytes)
1770487511.770076 sending message 112 to peer 0x5e6f8ab77d60 (7 bytes)
1770487511.770079 sending message 112 to peer 0x5e6f8ab77d60 (13 bytes)
1770487511.770082 sending message 112 to peer 0x5e6f8ab77d60 (9 bytes)
1770487511.770085 sending message 112 to peer 0x5e6f8ab77d60 (21 bytes)
1770487511.770088 sending message 112 to peer 0x5e6f8ab77d60 (13 bytes)
1770487511.770091 sending message 112 to peer 0x5e6f8ab77d60 (9 bytes)
1770487511.770094 sending message 112 to peer 0x5e6f8ab77d60 (16 bytes)
1770487511.770097 sending message 112 to peer 0x5e6f8ab77d60 (13 bytes)
1770487511.770100 sending message 112 to peer 0x5e6f8ab77d60 (9 bytes)
1770487511.770104 sending message 112 to peer 0x5e6f8ab77d60 (9 bytes)
1770487511.770108 sending message 112 to peer 0x5e6f8ab77d60 (12 bytes)
1770487511.770111 sending message 112 to peer 0x5e6f8ab77d60 (8 bytes)
1770487511.770114 sending message 112 to peer 0x5e6f8ab77d60 (8 bytes)
1770487511.770117 sending message 112 to peer 0x5e6f8ab77d60 (13 bytes)
1770487511.770120 sending message 112 to peer 0x5e6f8ab77d60 (7 bytes)
1770487511.770124 sending message 112 to peer 0x5e6f8ab77d60 (7 bytes)
1770487511.770128 sending message 112 to peer 0x5e6f8ab77d60 (9 bytes)
1770487511.770131 sending message 112 to peer 0x5e6f8ab77d60 (9 bytes)
1770487511.770134 sending message 112 to peer 0x5e6f8ab77d60 (15 bytes)
1770487511.770138 sending message 112 to peer 0x5e6f8ab77d60 (13 bytes)
1770487511.770141 sending message 112 to peer 0x5e6f8ab77d60 (12 bytes)
1770487511.770144 sending message 112 to peer 0x5e6f8ab77d60 (8 bytes)
1770487511.770147 sending message 112 to peer 0x5e6f8ab77d60 (14 bytes)
1770487511.770150 sending message 112 to peer 0x5e6f8ab77d60 (11 bytes)
1770487511.770163 sending message 112 to peer 0x5e6f8ab77d60 (9 bytes)
1770487511.770167 sending message 112 to peer 0x5e6f8ab77d60 (10 bytes)
1770487511.770171 sending message 112 to peer 0x5e6f8ab77d60 (10 bytes)
1770487511.770174 sending message 112 to peer 0x5e6f8ab77d60 (10 bytes)
1770487511.770177 sending message 112 to peer 0x5e6f8ab77d60 (10 bytes)
1770487511.770180 sending message 112 to peer 0x5e6f8ab77d60 (11 bytes)
1770487511.770183 sending message 112 to peer 0x5e6f8ab77d60 (12 bytes)
1770487511.770186 sending message 112 to peer 0x5e6f8ab77d60 (12 bytes)
1770487511.770189 sending message 112 to peer 0x5e6f8ab77d60 (12 bytes)
1770487511.770192 sending message 112 to peer 0x5e6f8ab77d60 (12 bytes)
1770487511.770223 sending message 112 to peer 0x5e6f8ab77d60 (12 bytes)
1770487511.770229 sending message 112 to peer 0x5e6f8ab77d60 (11 bytes)
1770487511.770233 sending message 112 to peer 0x5e6f8ab77d60 (11 bytes)
1770487511.770238 sending message 112 to peer 0x5e6f8ab77d60 (12 bytes)
1770487511.770242 sending message 112 to peer 0x5e6f8ab77d60 (12 bytes)
1770487511.770246 sending message 112 to peer 0x5e6f8ab77d60 (12 bytes)
1770487511.770250 sending message 112 to peer 0x5e6f8ab77d60 (12 bytes)
1770487511.770253 sending message 112 to peer 0x5e6f8ab77d60 (12 bytes)
1770487511.770257 sending message 112 to peer 0x5e6f8ab77d60 (9 bytes)
1770487511.770260 sending message 112 to peer 0x5e6f8ab77d60 (12 bytes)
1770487511.770263 sending message 112 to peer 0x5e6f8ab77d60 (13 bytes)
1770487511.770266 sending message 112 to peer 0x5e6f8ab77d60 (13 bytes)
1770487511.770269 sending message 112 to peer 0x5e6f8ab77d60 (13 bytes)
1770487511.770272 sending message 112 to peer 0x5e6f8ab77d60 (13 bytes)
1770487511.770275 sending message 112 to peer 0x5e6f8ab77d60 (13 bytes)
1770487511.770279 sending message 112 to peer 0x5e6f8ab77d60 (8 bytes)
1770487511.770282 sending message 112 to peer 0x5e6f8ab77d60 (11 bytes)
1770487511.770285 sending message 112 to peer 0x5e6f8ab77d60 (11 bytes)
1770487511.770289 sending message 112 to peer 0x5e6f8ab77d60 (11 bytes)
1770487511.770292 sending message 112 to peer 0x5e6f8ab77d60 (12 bytes)
1770487511.770296 sending message 112 to peer 0x5e6f8ab77d60 (12 bytes)
1770487511.770299 sending message 112 to peer 0x5e6f8ab77d60 (12 bytes)
1770487511.770302 sending message 112 to peer 0x5e6f8ab77d60 (12 bytes)
1770487511.770305 sending message 112 to peer 0x5e6f8ab77d60 (13 bytes)
1770487511.770308 sending message 112 to peer 0x5e6f8ab77d60 (13 bytes)
1770487511.770311 sending message 112 to peer 0x5e6f8ab77d60 (13 bytes)
1770487511.770314 sending message 112 to peer 0x5e6f8ab77d60 (8 bytes)
1770487511.770317 sending message 112 to peer 0x5e6f8ab77d60 (13 bytes)
1770487511.770320 sending message 112 to peer 0x5e6f8ab77d60 (13 bytes)
1770487511.770323 sending message 112 to peer 0x5e6f8ab77d60 (13 bytes)
1770487511.770326 sending message 112 to peer 0x5e6f8ab77d60 (13 bytes)
1770487511.770329 sending message 112 to peer 0x5e6f8ab77d60 (13 bytes)
1770487511.770332 sending message 112 to peer 0x5e6f8ab77d60 (12 bytes)
1770487511.770335 sending message 112 to peer 0x5e6f8ab77d60 (12 bytes)
1770487511.770339 sending message 112 to peer 0x5e6f8ab77d60 (12 bytes)
1770487511.770342 sending message 112 to peer 0x5e6f8ab77d60 (12 bytes)
1770487511.770345 sending message 112 to peer 0x5e6f8ab77d60 (13 bytes)
1770487511.770348 sending message 112 to peer 0x5e6f8ab77d60 (8 bytes)
1770487511.770352 sending message 112 to peer 0x5e6f8ab77d60 (13 bytes)
1770487511.770355 sending message 112 to peer 0x5e6f8ab77d60 (13 bytes)
1770487511.770358 sending message 112 to peer 0x5e6f8ab77d60 (13 bytes)
1770487511.770361 sending message 112 to peer 0x5e6f8ab77d60 (13 bytes)
1770487511.770364 sending message 112 to peer 0x5e6f8ab77d60 (13 bytes)
1770487511.770367 sending message 112 to peer 0x5e6f8ab77d60 (13 bytes)
1770487511.770370 sending message 112 to peer 0x5e6f8ab77d60 (13 bytes)
1770487511.770374 sending message 112 to peer 0x5e6f8ab77d60 (12 bytes)
1770487511.770377 sending message 112 to peer 0x5e6f8ab77d60 (12 bytes)
1770487511.770385 sending message 112 to peer 0x5e6f8ab77d60 (12 bytes)
1770487511.770388 sending message 112 to peer 0x5e6f8ab77d60 (8 bytes)
1770487511.770391 sending message 112 to peer 0x5e6f8ab77d60 (12 bytes)
1770487511.770395 sending message 112 to peer 0x5e6f8ab77d60 (13 bytes)
1770487511.770398 sending message 112 to peer 0x5e6f8ab77d60 (13 bytes)
1770487511.770401 sending message 112 to peer 0x5e6f8ab77d60 (13 bytes)
1770487511.770404 sending message 112 to peer 0x5e6f8ab77d60 (13 bytes)
1770487511.770407 sending message 112 to peer 0x5e6f8ab77d60 (13 bytes)
1770487511.770410 sending message 112 to peer 0x5e6f8ab77d60 (13 bytes)
1770487511.770413 sending message 112 to peer 0x5e6f8ab77d60 (13 bytes)
1770487511.770416 sending message 112 to peer 0x5e6f8ab77d60 (13 bytes)
1770487511.770419 sending message 112 to peer 0x5e6f8ab77d60 (12 bytes)
1770487511.770422 sending message 112 to peer 0x5e6f8ab77d60 (10 bytes)
1770487511.770426 sending message 112 to peer 0x5e6f8ab77d60 (12 bytes)
1770487511.770429 sending message 112 to peer 0x5e6f8ab77d60 (12 bytes)
1770487511.770432 sending message 112 to peer 0x5e6f8ab77d60 (12 bytes)
1770487511.770435 sending message 112 to peer 0x5e6f8ab77d60 (13 bytes)
1770487511.770438 sending message 112 to peer 0x5e6f8ab77d60 (13 bytes)
1770487511.770441 sending message 112 to peer 0x5e6f8ab77d60 (13 bytes)
1770487511.770444 sending message 112 to peer 0x5e6f8ab77d60 (13 bytes)
1770487511.770447 sending message 112 to peer 0x5e6f8ab77d60 (13 bytes)
1770487511.770451 sending message 112 to peer 0x5e6f8ab77d60 (13 bytes)
1770487511.770454 sending message 112 to peer 0x5e6f8ab77d60 (13 bytes)
1770487511.770457 sending message 112 to peer 0x5e6f8ab77d60 (10 bytes)
1770487511.770461 sending message 112 to peer 0x5e6f8ab77d60 (13 bytes)
1770487511.770464 sending message 112 to peer 0x5e6f8ab77d60 (12 bytes)
1770487511.770467 sending message 112 to peer 0x5e6f8ab77d60 (12 bytes)
1770487511.770470 sending message 112 to peer 0x5e6f8ab77d60 (12 bytes)
1770487511.770473 sending message 112 to peer 0x5e6f8ab77d60 (10 bytes)
1770487511.770476 sending message 112 to peer 0x5e6f8ab77d60 (10 bytes)
1770487511.770480 sending message 112 to peer 0x5e6f8ab77d60 (10 bytes)
1770487511.770483 sending message 112 to peer 0x5e6f8ab77d60 (12 bytes)
1770487511.770486 sending message 112 to peer 0x5e6f8ab77d60 (13 bytes)
1770487511.770489 sending message 112 to peer 0x5e6f8ab77d60 (13 bytes)
1770487511.770492 sending message 112 to peer 0x5e6f8ab77d60 (13 bytes)
1770487511.770495 sending message 112 to peer 0x5e6f8ab77d60 (13 bytes)
1770487511.770498 sending message 112 to peer 0x5e6f8ab77d60 (13 bytes)
1770487511.770501 sending message 112 to peer 0x5e6f8ab77d60 (10 bytes)
1770487511.770504 sending message 112 to peer 0x5e6f8ab77d60 (11 bytes)
1770487511.770507 sending message 112 to peer 0x5e6f8ab77d60 (12 bytes)
1770487511.770510 sending message 112 to peer 0x5e6f8ab77d60 (12 bytes)
1770487511.770513 sending message 112 to peer 0x5e6f8ab77d60 (12 bytes)
1770487511.770516 sending message 112 to peer 0x5e6f8ab77d60 (12 bytes)
1770487511.770519 sending message 112 to peer 0x5e6f8ab77d60 (12 bytes)
1770487511.770522 sending message 112 to peer 0x5e6f8ab77d60 (11 bytes)
1770487511.770525 sending message 112 to peer 0x5e6f8ab77d60 (12 bytes)
1770487511.770527 sending message 112 to peer 0x5e6f8ab77d60 (12 bytes)
1770487511.770530 sending message 112 to peer 0x5e6f8ab77d60 (13 bytes)
1770487511.770533 sending message 112 to peer 0x5e6f8ab77d60 (13 bytes)
1770487511.770536 sending message 112 to peer 0x5e6f8ab77d60 (13 bytes)
1770487511.770539 sending message 112 to peer 0x5e6f8ab77d60 (13 bytes)
1770487511.770542 sending message 112 to peer 0x5e6f8ab77d60 (13 bytes)
1770487511.770545 sending message 112 to peer 0x5e6f8ab77d60 (10 bytes)
1770487511.770548 sending message 112 to peer 0x5e6f8ab77d60 (9 bytes)
1770487511.770551 sending message 112 to peer 0x5e6f8ab77d60 (12 bytes)
1770487511.770554 sending message 112 to peer 0x5e6f8ab77d60 (13 bytes)
1770487511.770557 sending message 112 to peer 0x5e6f8ab77d60 (13 bytes)
1770487511.770563 sending message 112 to peer 0x5e6f8ab77d60 (13 bytes)
1770487511.770566 sending message 112 to peer 0x5e6f8ab77d60 (13 bytes)
1770487511.770569 sending message 112 to peer 0x5e6f8ab77d60 (13 bytes)
1770487511.770572 sending message 112 to peer 0x5e6f8ab77d60 (9 bytes)
1770487511.770575 sending message 112 to peer 0x5e6f8ab77d60 (12 bytes)
1770487511.770578 sending message 112 to peer 0x5e6f8ab77d60 (13 bytes)
1770487511.770581 sending message 112 to peer 0x5e6f8ab77d60 (13 bytes)
1770487511.770584 sending message 112 to peer 0x5e6f8ab77d60 (13 bytes)
1770487511.770587 sending message 112 to peer 0x5e6f8ab77d60 (13 bytes)
1770487511.770590 sending message 112 to peer 0x5e6f8ab77d60 (13 bytes)
1770487511.770593 sending message 112 to peer 0x5e6f8ab77d60 (11 bytes)
1770487511.770596 sending message 112 to peer 0x5e6f8ab77d60 (12 bytes)
1770487511.770599 sending message 112 to peer 0x5e6f8ab77d60 (13 bytes)
1770487511.770602 sending message 112 to peer 0x5e6f8ab77d60 (13 bytes)
1770487511.770605 sending message 112 to peer 0x5e6f8ab77d60 (13 bytes)
1770487511.770608 sending message 112 to peer 0x5e6f8ab77d60 (13 bytes)
1770487511.770611 sending message 112 to peer 0x5e6f8ab77d60 (13 bytes)
1770487511.770614 sending message 112 to peer 0x5e6f8ab77d60 (11 bytes)
1770487511.770617 sending message 112 to peer 0x5e6f8ab77d60 (12 bytes)
1770487511.770620 sending message 112 to peer 0x5e6f8ab77d60 (12 bytes)
1770487511.770623 sending message 112 to peer 0x5e6f8ab77d60 (12 bytes)
1770487511.770627 sending message 112 to peer 0x5e6f8ab77d60 (12 bytes)
1770487511.770630 sending message 112 to peer 0x5e6f8ab77d60 (12 bytes)
1770487511.770633 sending message 112 to peer 0x5e6f8ab77d60 (21 bytes)
1770487511.770636 sending message 112 to peer 0x5e6f8ab77d60 (12 bytes)
1770487511.770639 sending message 112 to peer 0x5e6f8ab77d60 (9 bytes)
1770487511.770643 sending message 112 to peer 0x5e6f8ab77d60 (6 bytes)
1770487511.770646 sending message 112 to peer 0x5e6f8ab77d60 (13 bytes)
1770487511.770649 sending message 112 to peer 0x5e6f8ab77d60 (10 bytes)
1770487511.770653 sending message 112 to peer 0x5e6f8ab77d60 (24 bytes)
1770487511.770656 sending message 112 to peer 0x5e6f8ab77d60 (13 bytes)
1770487511.770659 sending message 112 to peer 0x5e6f8ab77d60 (9 bytes)
1770487511.770662 sending message 112 to peer 0x5e6f8ab77d60 (70 bytes)
1770487511.770666 sending message 112 to peer 0x5e6f8ab77d60 (69 bytes)
1770487511.770669 sending message 112 to peer 0x5e6f8ab77d60 (12 bytes)
1770487511.770672 sending message 112 to peer 0x5e6f8ab77d60 (10 bytes)
1770487511.770675 sending message 112 to peer 0x5e6f8ab77d60 (10 bytes)
1770487511.770678 sending message 112 to peer 0x5e6f8ab77d60 (24 bytes)
1770487511.770681 sending message 112 to peer 0x5e6f8ab77d60 (13 bytes)
1770487511.770684 sending message 112 to peer 0x5e6f8ab77d60 (10 bytes)
1770487511.770688 sending message 112 to peer 0x5e6f8ab77d60 (10 bytes)
1770487511.770691 sending message 112 to peer 0x5e6f8ab77d60 (10 bytes)
1770487511.770695 sending message 112 to peer 0x5e6f8ab77d60 (13 bytes)
1770487511.770698 sending message 112 to peer 0x5e6f8ab77d60 (15 bytes)
1770487511.770701 sending message 112 to peer 0x5e6f8ab77d60 (5 bytes)
1770487511.770705 sending message 104 to peer 0x5e6f8ab77d60 (0 bytes)
1770487511.770709 sending message 110 to peer 0x5e6f8ab77d60 (0 bytes)
1770487511.770713 sending message 107 to peer 0x5e6f8ab77d60 (4 bytes)
1770487511.770717 sending message 105 to peer 0x5e6f8ab77d60 (16 bytes)
1770487511.770720 sending message 105 to peer 0x5e6f8ab77d60 (24 bytes)
1770487511.770723 sending message 105 to peer 0x5e6f8ab77d60 (23 bytes)
1770487511.770726 sending message 105 to peer 0x5e6f8ab77d60 (44 bytes)
1770487511.770730 sending message 105 to peer 0x5e6f8ab77d60 (19 bytes)
1770487511.770733 sending message 105 to peer 0x5e6f8ab77d60 (44 bytes)
1770487511.770736 sending message 105 to peer 0x5e6f8ab77d60 (19 bytes)
1770487511.770740 sending message 105 to peer 0x5e6f8ab77d60 (23 bytes)
1770487511.770743 sending message 105 to peer 0x5e6f8ab77d60 (22 bytes)
1770487511.770749 sending message 105 to peer 0x5e6f8ab77d60 (13 bytes)
1770487511.770752 sending message 105 to peer 0x5e6f8ab77d60 (35 bytes)
1770487511.770756 sending message 105 to peer 0x5e6f8ab77d60 (1817 bytes)
1770487511.770771 sending message 105 to peer 0x5e6f8ab77d60 (26 bytes)
1770487511.770775 sending message 105 to peer 0x5e6f8ab77d60 (34 bytes)
1770487511.770778 sending message 105 to peer 0x5e6f8ab77d60 (20 bytes)
1770487511.770781 sending message 105 to peer 0x5e6f8ab77d60 (32 bytes)
1770487511.770784 sending message 105 to peer 0x5e6f8ab77d60 (16 bytes)
1770487511.770788 sending message 105 to peer 0x5e6f8ab77d60 (11 bytes)
1770487511.770791 sending message 105 to peer 0x5e6f8ab77d60 (8 bytes)
1770487511.770794 sending message 105 to peer 0x5e6f8ab77d60 (32 bytes)
1770487511.770797 sending message 105 to peer 0x5e6f8ab77d60 (8 bytes)
1770487511.770800 sending message 105 to peer 0x5e6f8ab77d60 (65 bytes)
1770487511.770804 sending message 105 to peer 0x5e6f8ab77d60 (915 bytes)
1770487511.770807 sending message 105 to peer 0x5e6f8ab77d60 (54 bytes)
1770487511.770810 sending message 105 to peer 0x5e6f8ab77d60 (16 bytes)
1770487511.770814 sending message 105 to peer 0x5e6f8ab77d60 (40 bytes)
1770487511.770817 sending message 105 to peer 0x5e6f8ab77d60 (39 bytes)
1770487511.770820 sending message 105 to peer 0x5e6f8ab77d60 (16 bytes)
1770487511.770823 sending message 106 to peer 0x5e6f8ab77d60 (0 bytes)
1770487511.771177 sending message 200 to peer 0x5e6f8ab77d60 (4 bytes)
1770487511.771189 client loop enter
1770487511.771212 client_signal: Child exited
1770487511.962585 peer 0x5e6f8ab77d60 message 207
1770487511.962695 sending message 208 to peer 0x5e6f8ab77d60 (0 bytes)
1770487541.724597 client_signal: Window changed
1770487541.724655 sending message 208 to peer 0x5e6f8ab77d60 (0 bytes)
1770487589.799596 peer 0x5e6f8ab77d60 message 201
1770487589.799657 sending message 205 to peer 0x5e6f8ab77d60 (0 bytes)
1770487589.800337 peer 0x5e6f8ab77d60 message 204
1770487589.800398 client loop exit
